
! warning: kpathsea: configuration file texmf.cnf not found in these directories: C:/Users/H<e9>ctor Murillo/AppData/Roaming/TinyTeX/bin/win32;C:/Users/H<e9>ctor Murillo/AppData/Roaming/TinyTeX/bin/win32/share/texmf-local/web2c;C:/Users/H<e9>ctor Murillo/AppData/Roaming/TinyTeX/bin/win32/share/texmf-dist/web2c;C:/Users/H<e9>ctor Murillo/AppData/Roaming/TinyTeX/bin/win32/share/texmf/web2c;C:/Users/H<e9>ctor Murillo/AppData/Roaming/TinyTeX/bin/win32/texmf-local/web2c;C:/Users/H<e9>ctor Murillo/AppData/Roaming/TinyTeX/bin/win32/texmf-dist/web2c;C:/Users/H<e9>ctor Murillo/AppData/Roaming/TinyTeX/bin/win32/texmf/web2c;C:/Users/H<e9>ctor Murillo/AppData/Roaming/TinyTeX/bin;C:/Users/H<e9>ctor Murillo/AppData/Roaming/TinyTeX/bin/share/texmf-local/web2c;C:/Users/H<e9>ctor Murillo/AppData/Roaming/TinyTeX/bin/share/texmf-dist/web2c;C:/Users/H<e9>ctor Murillo/AppData/Roaming/TinyTeX/bin/share/texmf/web2c;C:/Users/H<e9>ctor Murillo/AppData/Roaming/TinyTeX/bin/texmf-local/web2c;C:/Users/H<e9>ctor Murillo/AppData/Roaming/TinyTeX/bin/texmf-dist/web2c;C:/Users/H<e9>ctor Murillo/AppData/Roaming/TinyTeX/bin/texmf/web2c;C:/Users/H<e9>ctor Murillo/AppData/Roaming/texmf-local/web2c;C:/Users/H<e9>ctor Murillo/AppData/Roaming/TinyTeX;C:/Users/H<e9>ctor Murillo/AppData/Roaming/TinyTeX/share/texmf-local/web2c;C:/Users/H<e9>ctor Murillo/AppData/Roaming/TinyTeX/share/texmf-dist/web2c;C:/Users/H<e9>ctor Murillo/AppData/Roaming/TinyTeX/share/texmf/web2c;C:/Users/H<e9>ctor Murillo/AppData/Roaming/TinyTeX/texmf-local/web2c;C:/Users/H<e9>ctor Murillo/AppData/Roaming/TinyTeX/texmf-dist/web2c;C:/Users/H<e9>ctor Murillo/AppData/Roaming/TinyTeX/texmf/web2c.
! ... Murillo\AppData\Roaming\TinyTeX\bin\win32\runscript.tlu:935: ... Murillo\AppData\Roaming\TinyTeX\bin\win32\runscript.tlu:858: no appropriate script or program found: fmtutil

! kpathsea: Running mktexfmt pdflatex.fmt

! The command name is C:\Users\H<e9>ctor Murillo\AppData\Roaming\TinyTeX\bin\win32\mktexfmt
! warning: kpathsea: mktexfmt output `c:/Users/H<e9>ctor Murillo/AppData/Roaming/TinyTeX/texmf-var/web2c/pdftex/pdflatex.fmt' instead of a filename.
! Running the command C:\Users\H<e9>ctor Murillo\AppData\Roaming\TinyTeX\bin\win32\fmtutil-user.exe

! warning: kpathsea: configuration file texmf.cnf not found in these directories: C:/Users/H<e9>ctor Murillo/AppData/Roaming/TinyTeX/bin/win32;C:/Users/H<e9>ctor Murillo/AppData/Roaming/TinyTeX/bin/win32/share/texmf-local/web2c;C:/Users/H<e9>ctor Murillo/AppData/Roaming/TinyTeX/bin/win32/share/texmf-dist/web2c;C:/Users/H<e9>ctor Murillo/AppData/Roaming/TinyTeX/bin/win32/share/texmf/web2c;C:/Users/H<e9>ctor Murillo/AppData/Roaming/TinyTeX/bin/win32/texmf-local/web2c;C:/Users/H<e9>ctor Murillo/AppData/Roaming/TinyTeX/bin/win32/texmf-dist/web2c;C:/Users/H<e9>ctor Murillo/AppData/Roaming/TinyTeX/bin/win32/texmf/web2c;C:/Users/H<e9>ctor Murillo/AppData/Roaming/TinyTeX/bin;C:/Users/H<e9>ctor Murillo/AppData/Roaming/TinyTeX/bin/share/texmf-local/web2c;C:/Users/H<e9>ctor Murillo/AppData/Roaming/TinyTeX/bin/share/texmf-dist/web2c;C:/Users/H<e9>ctor Murillo/AppData/Roaming/TinyTeX/bin/share/texmf/web2c;C:/Users/H<e9>ctor Murillo/AppData/Roaming/TinyTeX/bin/texmf-local/web2c;C:/Users/H<e9>ctor Murillo/AppData/Roaming/TinyTeX/bin/texmf-dist/web2c;C:/Users/H<e9>ctor Murillo/AppData/Roaming/TinyTeX/bin/texmf/web2c;C:/Users/H<e9>ctor Murillo/AppData/Roaming/texmf-local/web2c;C:/Users/H<e9>ctor Murillo/AppData/Roaming/TinyTeX;C:/Users/H<e9>ctor Murillo/AppData/Roaming/TinyTeX/share/texmf-local/web2c;C:/Users/H<e9>ctor Murillo/AppData/Roaming/TinyTeX/share/texmf-dist/web2c;C:/Users/H<e9>ctor Murillo/AppData/Roaming/TinyTeX/share/texmf/web2c;C:/Users/H<e9>ctor Murillo/AppData/Roaming/TinyTeX/texmf-local/web2c;C:/Users/H<e9>ctor Murillo/AppData/Roaming/TinyTeX/texmf-dist/web2c;C:/Users/H<e9>ctor Murillo/AppData/Roaming/TinyTeX/texmf/web2c.
! ... Murillo\AppData\Roaming\TinyTeX\bin\win32\runscript.tlu:935: ... Murillo\AppData\Roaming\TinyTeX\bin\win32\runscript.tlu:858: no appropriate script or program found: fmtutil
! Running the command C:\Users\H<e9>ctor Murillo\AppData\Roaming\TinyTeX\bin\win32\fmtutil-user.exe

! kpathsea: Running mktexfmt pdflatex.fmt

! The command name is C:\Users\H<e9>ctor Murillo\AppData\Roaming\TinyTeX\bin\win32\mktexfmt
! warning: kpathsea: mktexfmt output `c:/Users/H<e9>ctor Murillo/AppData/Roaming/TinyTeX/texmf-var/web2c/pdftex/pdflatex.fmt' instead of a filename.
